[?] Start test mode [y/N] : 